[dotenv@17.3.1] injecting env (8) from .env -- tip: ΓÜÖ∩╕Å  load multiple .env files with { path: ['.env.local', '.env'] }
PORT: 5000
DATABASE_URL length: 53
RAZORPAY_KEY_ID: rzp_test_S2vW6gmTzJjbW2
